// Jest Snapshot v1, https://goo.gl/fbAQLP

exports[`Shop component renders 1`] = `
<div>
  <div
    class="shop-container"
  >
    <div
      class="shop-items-container"
    >
      <div
        class="shop-item"
      >
        <div
          class="shop-item-image"
          style="background-image: url(green-t-shirt.jpg);"
        />
        <div
          class="shop-item-details"
        >
          <p
            class="shop-item-name"
          >
            Green T-Shirt
          </p>
          <p
            class="shop-item-price"
          >
            10
          </p>
        </div>
        <div
          class="shop-item-controls"
        >
          <button
            aria-label="decrease-quantity"
          >
            -
          </button>
          <input
            aria-label="quantity"
            id="shop-item-quantity"
            name="shop-item-quantity"
            size="1"
            type="text"
            value="0"
          />
          <button
            aria-label="increase-quantity"
          >
            +
          </button>
          <button
            class="add-to-cart-button"
          >
            Add to Cart
          </button>
        </div>
      </div>
      <div
        class="shop-item"
      >
        <div
          class="shop-item-image"
          style="background-image: url(cobalt-blue-t-shirt.jpg);"
        />
        <div
          class="shop-item-details"
        >
          <p
            class="shop-item-name"
          >
            Blue T-Shirt
          </p>
          <p
            class="shop-item-price"
          >
            10
          </p>
        </div>
        <div
          class="shop-item-controls"
        >
          <button
            aria-label="decrease-quantity"
          >
            -
          </button>
          <input
            aria-label="quantity"
            id="shop-item-quantity"
            name="shop-item-quantity"
            size="1"
            type="text"
            value="0"
          />
          <button
            aria-label="increase-quantity"
          >
            +
          </button>
          <button
            class="add-to-cart-button"
          >
            Add to Cart
          </button>
        </div>
      </div>
      <div
        class="shop-item"
      >
        <div
          class="shop-item-image"
          style="background-image: url(purple-t-shirt.jpg);"
        />
        <div
          class="shop-item-details"
        >
          <p
            class="shop-item-name"
          >
            Purple T-Shirt
          </p>
          <p
            class="shop-item-price"
          >
            10
          </p>
        </div>
        <div
          class="shop-item-controls"
        >
          <button
            aria-label="decrease-quantity"
          >
            -
          </button>
          <input
            aria-label="quantity"
            id="shop-item-quantity"
            name="shop-item-quantity"
            size="1"
            type="text"
            value="0"
          />
          <button
            aria-label="increase-quantity"
          >
            +
          </button>
          <button
            class="add-to-cart-button"
          >
            Add to Cart
          </button>
        </div>
      </div>
      <div
        class="shop-item"
      >
        <div
          class="shop-item-image"
          style="background-image: url(backpack-in-black.jpg);"
        />
        <div
          class="shop-item-details"
        >
          <p
            class="shop-item-name"
          >
            Black Backpack
          </p>
          <p
            class="shop-item-price"
          >
            30
          </p>
        </div>
        <div
          class="shop-item-controls"
        >
          <button
            aria-label="decrease-quantity"
          >
            -
          </button>
          <input
            aria-label="quantity"
            id="shop-item-quantity"
            name="shop-item-quantity"
            size="1"
            type="text"
            value="0"
          />
          <button
            aria-label="increase-quantity"
          >
            +
          </button>
          <button
            class="add-to-cart-button"
          >
            Add to Cart
          </button>
        </div>
      </div>
      <div
        class="shop-item"
      >
        <div
          class="shop-item-image"
          style="background-image: url(pair-of-navy-blue-skate-shoes.jpg);"
        />
        <div
          class="shop-item-details"
        >
          <p
            class="shop-item-name"
          >
            Blue Shoes
          </p>
          <p
            class="shop-item-price"
          >
            70
          </p>
        </div>
        <div
          class="shop-item-controls"
        >
          <button
            aria-label="decrease-quantity"
          >
            -
          </button>
          <input
            aria-label="quantity"
            id="shop-item-quantity"
            name="shop-item-quantity"
            size="1"
            type="text"
            value="0"
          />
          <button
            aria-label="increase-quantity"
          >
            +
          </button>
          <button
            class="add-to-cart-button"
          >
            Add to Cart
          </button>
        </div>
      </div>
      <div
        class="shop-item"
      >
        <div
          class="shop-item-image"
          style="background-image: url(pair-of-black-and-white-sneakers.jpg);"
        />
        <div
          class="shop-item-details"
        >
          <p
            class="shop-item-name"
          >
            Black and White Shoes
          </p>
          <p
            class="shop-item-price"
          >
            75
          </p>
        </div>
        <div
          class="shop-item-controls"
        >
          <button
            aria-label="decrease-quantity"
          >
            -
          </button>
          <input
            aria-label="quantity"
            id="shop-item-quantity"
            name="shop-item-quantity"
            size="1"
            type="text"
            value="0"
          />
          <button
            aria-label="increase-quantity"
          >
            +
          </button>
          <button
            class="add-to-cart-button"
          >
            Add to Cart
          </button>
        </div>
      </div>
      <div
        class="shop-item"
      >
        <div
          class="shop-item-image"
          style="background-image: url(street-wear-navy-jacket.jpg);"
        />
        <div
          class="shop-item-details"
        >
          <p
            class="shop-item-name"
          >
            Navy Blue Jacket
          </p>
          <p
            class="shop-item-price"
          >
            65
          </p>
        </div>
        <div
          class="shop-item-controls"
        >
          <button
            aria-label="decrease-quantity"
          >
            -
          </button>
          <input
            aria-label="quantity"
            id="shop-item-quantity"
            name="shop-item-quantity"
            size="1"
            type="text"
            value="0"
          />
          <button
            aria-label="increase-quantity"
          >
            +
          </button>
          <button
            class="add-to-cart-button"
          >
            Add to Cart
          </button>
        </div>
      </div>
      <div
        class="shop-item"
      >
        <div
          class="shop-item-image"
          style="background-image: url(zip-up-jacket-for-men.jpg);"
        />
        <div
          class="shop-item-details"
        >
          <p
            class="shop-item-name"
          >
            Black Jacket
          </p>
          <p
            class="shop-item-price"
          >
            70
          </p>
        </div>
        <div
          class="shop-item-controls"
        >
          <button
            aria-label="decrease-quantity"
          >
            -
          </button>
          <input
            aria-label="quantity"
            id="shop-item-quantity"
            name="shop-item-quantity"
            size="1"
            type="text"
            value="0"
          />
          <button
            aria-label="increase-quantity"
          >
            +
          </button>
          <button
            class="add-to-cart-button"
          >
            Add to Cart
          </button>
        </div>
      </div>
    </div>
  </div>
</div>
`;
